[0.741s] Invoking command in '/home/ibrahim/Webots_Turorials_MindCloud/webots_tutotrial_1/build/webots_pkg_sim': DEBUGINFOD_URLS=https://debuginfod.ubuntu.com PYTHONPATH=/home/ibrahim/Webots_Turorials_MindCloud/webots_tutotrial_1/build/webots_pkg_sim/prefix_override:/usr/lib/python3/dist-packages/colcon_core/task/python/colcon_distutils_commands:/home/ibrahim/Webots_Turorials_MindCloud/webots_tutotrial_1/install/webots_pkg_sim/lib/python3.12/site-packages:${PYTHONPATH} /usr/bin/python3 -W ignore:setup.py install is deprecated -W ignore:easy_install command is deprecated setup.py develop --editable --build-directory /home/ibrahim/Webots_Turorials_MindCloud/webots_tutotrial_1/build/webots_pkg_sim/build --no-deps symlink_data --force
[1.044s] running develop
[1.255s] running egg_info
[1.274s] writing webots_pkg_sim.egg-info/PKG-INFO
[1.274s] writing dependency_links to webots_pkg_sim.egg-info/dependency_links.txt
[1.274s] writing entry points to webots_pkg_sim.egg-info/entry_points.txt
[1.275s] writing requirements to webots_pkg_sim.egg-info/requires.txt
[1.275s] writing top-level names to webots_pkg_sim.egg-info/top_level.txt
[1.315s] reading manifest file 'webots_pkg_sim.egg-info/SOURCES.txt'
[1.316s] writing manifest file 'webots_pkg_sim.egg-info/SOURCES.txt'
[1.337s] running build_ext
[1.337s] Creating /home/ibrahim/Webots_Turorials_MindCloud/webots_tutotrial_1/install/webots_pkg_sim/lib/python3.12/site-packages/webots-pkg-sim.egg-link (link to .)
[1.338s] Installing costmap script to /home/ibrahim/Webots_Turorials_MindCloud/webots_tutotrial_1/install/webots_pkg_sim/lib/webots_pkg_sim
[1.338s] Installing costmap_lifecycle script to /home/ibrahim/Webots_Turorials_MindCloud/webots_tutotrial_1/install/webots_pkg_sim/lib/webots_pkg_sim
[1.338s] Installing falak_driver script to /home/ibrahim/Webots_Turorials_MindCloud/webots_tutotrial_1/install/webots_pkg_sim/lib/webots_pkg_sim
[1.338s] Installing rover_driver script to /home/ibrahim/Webots_Turorials_MindCloud/webots_tutotrial_1/install/webots_pkg_sim/lib/webots_pkg_sim
[1.338s] Installing swerve_g script to /home/ibrahim/Webots_Turorials_MindCloud/webots_tutotrial_1/install/webots_pkg_sim/lib/webots_pkg_sim
[1.338s] Installing vo_odom script to /home/ibrahim/Webots_Turorials_MindCloud/webots_tutotrial_1/install/webots_pkg_sim/lib/webots_pkg_sim
[1.339s] Installing webots_driver script to /home/ibrahim/Webots_Turorials_MindCloud/webots_tutotrial_1/install/webots_pkg_sim/lib/webots_pkg_sim
[1.339s] 
[1.339s] Installed /home/ibrahim/Webots_Turorials_MindCloud/webots_tutotrial_1/build/webots_pkg_sim
[1.339s] running symlink_data
[1.339s] symbolically linking /home/ibrahim/Webots_Turorials_MindCloud/webots_tutotrial_1/build/webots_pkg_sim/resource/webots_pkg_sim -> /home/ibrahim/Webots_Turorials_MindCloud/webots_tutotrial_1/install/webots_pkg_sim/share/ament_index/resource_index/packages
[1.339s] symbolically linking /home/ibrahim/Webots_Turorials_MindCloud/webots_tutotrial_1/build/webots_pkg_sim/package.xml -> /home/ibrahim/Webots_Turorials_MindCloud/webots_tutotrial_1/install/webots_pkg_sim/share/webots_pkg_sim
[1.339s] symbolically linking /home/ibrahim/Webots_Turorials_MindCloud/webots_tutotrial_1/build/webots_pkg_sim/launch/swerve_launch.py -> /home/ibrahim/Webots_Turorials_MindCloud/webots_tutotrial_1/install/webots_pkg_sim/share/webots_pkg_sim/launch
[1.339s] symbolically linking /home/ibrahim/Webots_Turorials_MindCloud/webots_tutotrial_1/build/webots_pkg_sim/launch/falak.launch.py -> /home/ibrahim/Webots_Turorials_MindCloud/webots_tutotrial_1/install/webots_pkg_sim/share/webots_pkg_sim/launch
[1.339s] symbolically linking /home/ibrahim/Webots_Turorials_MindCloud/webots_tutotrial_1/build/webots_pkg_sim/launch/sim_rover_launch.py -> /home/ibrahim/Webots_Turorials_MindCloud/webots_tutotrial_1/install/webots_pkg_sim/share/webots_pkg_sim/launch
[1.339s] symbolically linking /home/ibrahim/Webots_Turorials_MindCloud/webots_tutotrial_1/build/webots_pkg_sim/launch/sim_launch.py -> /home/ibrahim/Webots_Turorials_MindCloud/webots_tutotrial_1/install/webots_pkg_sim/share/webots_pkg_sim/launch
[1.340s] symbolically linking /home/ibrahim/Webots_Turorials_MindCloud/webots_tutotrial_1/build/webots_pkg_sim/launch/gazebo_launch.py -> /home/ibrahim/Webots_Turorials_MindCloud/webots_tutotrial_1/install/webots_pkg_sim/share/webots_pkg_sim/launch
[1.340s] symbolically linking /home/ibrahim/Webots_Turorials_MindCloud/webots_tutotrial_1/build/webots_pkg_sim/urdf/swerve.urdf -> /home/ibrahim/Webots_Turorials_MindCloud/webots_tutotrial_1/install/webots_pkg_sim/share/webots_pkg_sim/urdf
[1.340s] symbolically linking /home/ibrahim/Webots_Turorials_MindCloud/webots_tutotrial_1/build/webots_pkg_sim/urdf/robot.urdf -> /home/ibrahim/Webots_Turorials_MindCloud/webots_tutotrial_1/install/webots_pkg_sim/share/webots_pkg_sim/urdf
[1.341s] symbolically linking /home/ibrahim/Webots_Turorials_MindCloud/webots_tutotrial_1/build/webots_pkg_sim/urdf/new_rover.urdf -> /home/ibrahim/Webots_Turorials_MindCloud/webots_tutotrial_1/install/webots_pkg_sim/share/webots_pkg_sim/urdf
[1.341s] symbolically linking /home/ibrahim/Webots_Turorials_MindCloud/webots_tutotrial_1/build/webots_pkg_sim/urdf/gazebo_file.urdf -> /home/ibrahim/Webots_Turorials_MindCloud/webots_tutotrial_1/install/webots_pkg_sim/share/webots_pkg_sim/urdf
[1.341s] symbolically linking /home/ibrahim/Webots_Turorials_MindCloud/webots_tutotrial_1/build/webots_pkg_sim/urdf/falak.urdf -> /home/ibrahim/Webots_Turorials_MindCloud/webots_tutotrial_1/install/webots_pkg_sim/share/webots_pkg_sim/urdf
[1.342s] symbolically linking /home/ibrahim/Webots_Turorials_MindCloud/webots_tutotrial_1/build/webots_pkg_sim/worlds/rover_world.wbt -> /home/ibrahim/Webots_Turorials_MindCloud/webots_tutotrial_1/install/webots_pkg_sim/share/webots_pkg_sim/worlds
[1.342s] symbolically linking /home/ibrahim/Webots_Turorials_MindCloud/webots_tutotrial_1/build/webots_pkg_sim/worlds/empty.wbt -> /home/ibrahim/Webots_Turorials_MindCloud/webots_tutotrial_1/install/webots_pkg_sim/share/webots_pkg_sim/worlds
[1.342s] symbolically linking /home/ibrahim/Webots_Turorials_MindCloud/webots_tutotrial_1/build/webots_pkg_sim/worlds/world_falak.wbt -> /home/ibrahim/Webots_Turorials_MindCloud/webots_tutotrial_1/install/webots_pkg_sim/share/webots_pkg_sim/worlds
[1.342s] symbolically linking /home/ibrahim/Webots_Turorials_MindCloud/webots_tutotrial_1/build/webots_pkg_sim/worlds/my_world.wbt -> /home/ibrahim/Webots_Turorials_MindCloud/webots_tutotrial_1/install/webots_pkg_sim/share/webots_pkg_sim/worlds
[1.342s] symbolically linking /home/ibrahim/Webots_Turorials_MindCloud/webots_tutotrial_1/build/webots_pkg_sim/worlds/falak.wbt -> /home/ibrahim/Webots_Turorials_MindCloud/webots_tutotrial_1/install/webots_pkg_sim/share/webots_pkg_sim/worlds
[1.343s] symbolically linking /home/ibrahim/Webots_Turorials_MindCloud/webots_tutotrial_1/build/webots_pkg_sim/config/controllers.yaml -> /home/ibrahim/Webots_Turorials_MindCloud/webots_tutotrial_1/install/webots_pkg_sim/share/webots_pkg_sim/config
[1.343s] symbolically linking /home/ibrahim/Webots_Turorials_MindCloud/webots_tutotrial_1/build/webots_pkg_sim/meshes/steering1_Link.STL -> /home/ibrahim/Webots_Turorials_MindCloud/webots_tutotrial_1/install/webots_pkg_sim/share/webots_pkg_sim/meshes
[1.343s] symbolically linking /home/ibrahim/Webots_Turorials_MindCloud/webots_tutotrial_1/build/webots_pkg_sim/meshes/wheel2_Link.STL -> /home/ibrahim/Webots_Turorials_MindCloud/webots_tutotrial_1/install/webots_pkg_sim/share/webots_pkg_sim/meshes
[1.343s] symbolically linking /home/ibrahim/Webots_Turorials_MindCloud/webots_tutotrial_1/build/webots_pkg_sim/meshes/steering4_Link.STL -> /home/ibrahim/Webots_Turorials_MindCloud/webots_tutotrial_1/install/webots_pkg_sim/share/webots_pkg_sim/meshes
[1.343s] symbolically linking /home/ibrahim/Webots_Turorials_MindCloud/webots_tutotrial_1/build/webots_pkg_sim/meshes/base_link.STL -> /home/ibrahim/Webots_Turorials_MindCloud/webots_tutotrial_1/install/webots_pkg_sim/share/webots_pkg_sim/meshes
[1.343s] symbolically linking /home/ibrahim/Webots_Turorials_MindCloud/webots_tutotrial_1/build/webots_pkg_sim/meshes/steering3_Link.STL -> /home/ibrahim/Webots_Turorials_MindCloud/webots_tutotrial_1/install/webots_pkg_sim/share/webots_pkg_sim/meshes
[1.343s] symbolically linking /home/ibrahim/Webots_Turorials_MindCloud/webots_tutotrial_1/build/webots_pkg_sim/meshes/wheel4_Link.STL -> /home/ibrahim/Webots_Turorials_MindCloud/webots_tutotrial_1/install/webots_pkg_sim/share/webots_pkg_sim/meshes
[1.343s] symbolically linking /home/ibrahim/Webots_Turorials_MindCloud/webots_tutotrial_1/build/webots_pkg_sim/meshes/wheel3_Link.STL -> /home/ibrahim/Webots_Turorials_MindCloud/webots_tutotrial_1/install/webots_pkg_sim/share/webots_pkg_sim/meshes
[1.343s] symbolically linking /home/ibrahim/Webots_Turorials_MindCloud/webots_tutotrial_1/build/webots_pkg_sim/meshes/steering2_Link.STL -> /home/ibrahim/Webots_Turorials_MindCloud/webots_tutotrial_1/install/webots_pkg_sim/share/webots_pkg_sim/meshes
[1.343s] symbolically linking /home/ibrahim/Webots_Turorials_MindCloud/webots_tutotrial_1/build/webots_pkg_sim/meshes/wheel1_Link.STL -> /home/ibrahim/Webots_Turorials_MindCloud/webots_tutotrial_1/install/webots_pkg_sim/share/webots_pkg_sim/meshes
[1.343s] symbolically linking /home/ibrahim/Webots_Turorials_MindCloud/webots_tutotrial_1/build/webots_pkg_sim/meshes_1/wheel6_link.STL -> /home/ibrahim/Webots_Turorials_MindCloud/webots_tutotrial_1/install/webots_pkg_sim/share/webots_pkg_sim/meshes_1
[1.344s] symbolically linking /home/ibrahim/Webots_Turorials_MindCloud/webots_tutotrial_1/build/webots_pkg_sim/meshes_1/wheel2_link.STL -> /home/ibrahim/Webots_Turorials_MindCloud/webots_tutotrial_1/install/webots_pkg_sim/share/webots_pkg_sim/meshes_1
[1.344s] symbolically linking /home/ibrahim/Webots_Turorials_MindCloud/webots_tutotrial_1/build/webots_pkg_sim/meshes_1/base_link.STL -> /home/ibrahim/Webots_Turorials_MindCloud/webots_tutotrial_1/install/webots_pkg_sim/share/webots_pkg_sim/meshes_1
[1.344s] symbolically linking /home/ibrahim/Webots_Turorials_MindCloud/webots_tutotrial_1/build/webots_pkg_sim/meshes_1/wheel5_link.STL -> /home/ibrahim/Webots_Turorials_MindCloud/webots_tutotrial_1/install/webots_pkg_sim/share/webots_pkg_sim/meshes_1
[1.345s] symbolically linking /home/ibrahim/Webots_Turorials_MindCloud/webots_tutotrial_1/build/webots_pkg_sim/meshes_1/wheel1_link.STL -> /home/ibrahim/Webots_Turorials_MindCloud/webots_tutotrial_1/install/webots_pkg_sim/share/webots_pkg_sim/meshes_1
[1.345s] symbolically linking /home/ibrahim/Webots_Turorials_MindCloud/webots_tutotrial_1/build/webots_pkg_sim/meshes_1/wheel4_link.STL -> /home/ibrahim/Webots_Turorials_MindCloud/webots_tutotrial_1/install/webots_pkg_sim/share/webots_pkg_sim/meshes_1
[1.345s] symbolically linking /home/ibrahim/Webots_Turorials_MindCloud/webots_tutotrial_1/build/webots_pkg_sim/meshes_1/wheel3_link.STL -> /home/ibrahim/Webots_Turorials_MindCloud/webots_tutotrial_1/install/webots_pkg_sim/share/webots_pkg_sim/meshes_1
[1.378s] Invoked command in '/home/ibrahim/Webots_Turorials_MindCloud/webots_tutotrial_1/build/webots_pkg_sim' returned '0': DEBUGINFOD_URLS=https://debuginfod.ubuntu.com PYTHONPATH=/home/ibrahim/Webots_Turorials_MindCloud/webots_tutotrial_1/build/webots_pkg_sim/prefix_override:/usr/lib/python3/dist-packages/colcon_core/task/python/colcon_distutils_commands:/home/ibrahim/Webots_Turorials_MindCloud/webots_tutotrial_1/install/webots_pkg_sim/lib/python3.12/site-packages:${PYTHONPATH} /usr/bin/python3 -W ignore:setup.py install is deprecated -W ignore:easy_install command is deprecated setup.py develop --editable --build-directory /home/ibrahim/Webots_Turorials_MindCloud/webots_tutotrial_1/build/webots_pkg_sim/build --no-deps symlink_data --force
