[0.242s] DEBUG:colcon:Command line arguments: ['/usr/bin/colcon', 'build']
[0.243s] DEBUG:colcon:Parsed command line arguments: Namespace(log_base=None, log_level=None, verb_name='build', build_base='build', install_base='install', merge_install=False, symlink_install=False, test_result_base=None, continue_on_error=False, executor='parallel', parallel_workers=16, event_handlers=None, ignore_user_meta=False, metas=['./colcon.meta'], base_paths=['.'], packages_ignore=None, packages_ignore_regex=None, paths=None, packages_up_to=None, packages_up_to_regex=None, packages_above=None, packages_above_and_dependencies=None, packages_above_depth=None, packages_select_by_dep=None, packages_skip_by_dep=None, packages_skip_up_to=None, packages_select_build_failed=False, packages_skip_build_finished=False, packages_select_test_failures=False, packages_skip_test_passed=False, packages_select=None, packages_skip=None, packages_select_regex=None, packages_skip_regex=None, packages_start=None, packages_end=None, allow_overriding=[], cmake_args=None, cmake_target=None, cmake_target_skip_unavailable=False, cmake_clean_cache=False, cmake_clean_first=False, cmake_force_configure=False, ament_cmake_args=None, catkin_cmake_args=None, catkin_skip_building_tests=False, mixin_files=None, mixin=None, verb_parser=<colcon_mixin.mixin.mixin_argument.MixinArgumentDecorator object at 0x7fc5feec47d0>, verb_extension=<colcon_core.verb.build.BuildVerb object at 0x7fc5fefec800>, main=<bound method BuildVerb.main of <colcon_core.verb.build.BuildVerb object at 0x7fc5fefec800>>, mixin_verb=('build',))
[0.319s] Level 1:colcon.colcon_core.package_discovery:discover_packages(colcon_meta) check parameters
[0.320s] Level 1:colcon.colcon_core.package_discovery:discover_packages(recursive) check parameters
[0.320s] Level 1:colcon.colcon_core.package_discovery:discover_packages(ignore) check parameters
[0.320s] Level 1:colcon.colcon_core.package_discovery:discover_packages(path) check parameters
[0.320s] Level 1:colcon.colcon_core.package_discovery:discover_packages(colcon_meta) discover
[0.320s] Level 1:colcon.colcon_core.package_discovery:discover_packages(recursive) discover
[0.320s] INFO:colcon.colcon_core.package_discovery:Crawling recursively for packages in '/home/ibrahim/Webots_Turorials_MindCloud/webots_tutotrial_1'
[0.320s] Level 1:colcon.colcon_core.package_identification:_identify(.) by extensions ['ignore', 'ignore_ament_install']
[0.320s] Level 1:colcon.colcon_core.package_identification:_identify(.) by extension 'ignore'
[0.320s] Level 1:colcon.colcon_core.package_identification:_identify(.) by extension 'ignore_ament_install'
[0.320s] Level 1:colcon.colcon_core.package_identification:_identify(.) by extensions ['colcon_pkg']
[0.320s] Level 1:colcon.colcon_core.package_identification:_identify(.) by extension 'colcon_pkg'
[0.321s] Level 1:colcon.colcon_core.package_identification:_identify(.) by extensions ['colcon_meta']
[0.321s] Level 1:colcon.colcon_core.package_identification:_identify(.) by extension 'colcon_meta'
[0.321s] Level 1:colcon.colcon_core.package_identification:_identify(.) by extensions ['ros']
[0.321s] Level 1:colcon.colcon_core.package_identification:_identify(.) by extension 'ros'
[0.357s] Level 1:colcon.colcon_core.package_identification:_identify(.) by extensions ['cmake', 'python']
[0.357s] Level 1:colcon.colcon_core.package_identification:_identify(.) by extension 'cmake'
[0.357s] Level 1:colcon.colcon_core.package_identification:_identify(.) by extension 'python'
[0.357s] Level 1:colcon.colcon_core.package_identification:_identify(.) by extensions ['python_setup_py']
[0.357s] Level 1:colcon.colcon_core.package_identification:_identify(.) by extension 'python_setup_py'
[0.358s] Level 1:colcon.colcon_core.package_identification:_identify(build) by extensions ['ignore', 'ignore_ament_install']
[0.358s] Level 1:colcon.colcon_core.package_identification:_identify(build) by extension 'ignore'
[0.358s] Level 1:colcon.colcon_core.package_identification:_identify(build) ignored
[0.358s] Level 1:colcon.colcon_core.package_identification:_identify(install) by extensions ['ignore', 'ignore_ament_install']
[0.358s] Level 1:colcon.colcon_core.package_identification:_identify(install) by extension 'ignore'
[0.358s] Level 1:colcon.colcon_core.package_identification:_identify(install) ignored
[0.359s] Level 1:colcon.colcon_core.package_identification:_identify(log) by extensions ['ignore', 'ignore_ament_install']
[0.359s] Level 1:colcon.colcon_core.package_identification:_identify(log) by extension 'ignore'
[0.359s] Level 1:colcon.colcon_core.package_identification:_identify(log) ignored
[0.359s] Level 1:colcon.colcon_core.package_identification:_identify(src) by extensions ['ignore', 'ignore_ament_install']
[0.359s] Level 1:colcon.colcon_core.package_identification:_identify(src) by extension 'ignore'
[0.359s] Level 1:colcon.colcon_core.package_identification:_identify(src) by extension 'ignore_ament_install'
[0.359s] Level 1:colcon.colcon_core.package_identification:_identify(src) by extensions ['colcon_pkg']
[0.359s] Level 1:colcon.colcon_core.package_identification:_identify(src) by extension 'colcon_pkg'
[0.359s] Level 1:colcon.colcon_core.package_identification:_identify(src) by extensions ['colcon_meta']
[0.359s] Level 1:colcon.colcon_core.package_identification:_identify(src) by extension 'colcon_meta'
[0.359s] Level 1:colcon.colcon_core.package_identification:_identify(src) by extensions ['ros']
[0.359s] Level 1:colcon.colcon_core.package_identification:_identify(src) by extension 'ros'
[0.360s] Level 1:colcon.colcon_core.package_identification:_identify(src) by extensions ['cmake', 'python']
[0.360s] Level 1:colcon.colcon_core.package_identification:_identify(src) by extension 'cmake'
[0.360s] Level 1:colcon.colcon_core.package_identification:_identify(src) by extension 'python'
[0.360s] Level 1:colcon.colcon_core.package_identification:_identify(src) by extensions ['python_setup_py']
[0.360s] Level 1:colcon.colcon_core.package_identification:_identify(src) by extension 'python_setup_py'
[0.360s] Level 1:colcon.colcon_core.package_identification:_identify(src/webots_pkg_sim) by extensions ['ignore', 'ignore_ament_install']
[0.360s] Level 1:colcon.colcon_core.package_identification:_identify(src/webots_pkg_sim) by extension 'ignore'
[0.360s] Level 1:colcon.colcon_core.package_identification:_identify(src/webots_pkg_sim) by extension 'ignore_ament_install'
[0.360s] Level 1:colcon.colcon_core.package_identification:_identify(src/webots_pkg_sim) by extensions ['colcon_pkg']
[0.360s] Level 1:colcon.colcon_core.package_identification:_identify(src/webots_pkg_sim) by extension 'colcon_pkg'
[0.360s] Level 1:colcon.colcon_core.package_identification:_identify(src/webots_pkg_sim) by extensions ['colcon_meta']
[0.360s] Level 1:colcon.colcon_core.package_identification:_identify(src/webots_pkg_sim) by extension 'colcon_meta'
[0.361s] Level 1:colcon.colcon_core.package_identification:_identify(src/webots_pkg_sim) by extensions ['ros']
[0.361s] Level 1:colcon.colcon_core.package_identification:_identify(src/webots_pkg_sim) by extension 'ros'
[0.365s] DEBUG:colcon.colcon_core.package_identification:Package 'src/webots_pkg_sim' with type 'ros.ament_python' and name 'webots_pkg_sim'
[0.366s] Level 1:colcon.colcon_core.package_discovery:discover_packages(recursive) using defaults
[0.366s] Level 1:colcon.colcon_core.package_discovery:discover_packages(ignore) discover
[0.366s] Level 1:colcon.colcon_core.package_discovery:discover_packages(ignore) using defaults
[0.366s] Level 1:colcon.colcon_core.package_discovery:discover_packages(path) discover
[0.366s] Level 1:colcon.colcon_core.package_discovery:discover_packages(path) using defaults
[0.396s] Level 1:colcon.colcon_core.package_discovery:discover_packages(prefix_path) check parameters
[0.396s] Level 1:colcon.colcon_core.package_discovery:discover_packages(prefix_path) discover
[0.403s] DEBUG:colcon.colcon_installed_package_information.package_discovery:Found 566 installed packages in /opt/ros/jazzy
[0.406s] Level 1:colcon.colcon_core.package_discovery:discover_packages(prefix_path) using defaults
[0.527s] Level 5:colcon.colcon_core.verb:set package 'webots_pkg_sim' build argument 'cmake_args' from command line to 'None'
[0.528s] Level 5:colcon.colcon_core.verb:set package 'webots_pkg_sim' build argument 'cmake_target' from command line to 'None'
[0.528s] Level 5:colcon.colcon_core.verb:set package 'webots_pkg_sim' build argument 'cmake_target_skip_unavailable' from command line to 'False'
[0.528s] Level 5:colcon.colcon_core.verb:set package 'webots_pkg_sim' build argument 'cmake_clean_cache' from command line to 'False'
[0.528s] Level 5:colcon.colcon_core.verb:set package 'webots_pkg_sim' build argument 'cmake_clean_first' from command line to 'False'
[0.528s] Level 5:colcon.colcon_core.verb:set package 'webots_pkg_sim' build argument 'cmake_force_configure' from command line to 'False'
[0.528s] Level 5:colcon.colcon_core.verb:set package 'webots_pkg_sim' build argument 'ament_cmake_args' from command line to 'None'
[0.528s] Level 5:colcon.colcon_core.verb:set package 'webots_pkg_sim' build argument 'catkin_cmake_args' from command line to 'None'
[0.528s] Level 5:colcon.colcon_core.verb:set package 'webots_pkg_sim' build argument 'catkin_skip_building_tests' from command line to 'False'
[0.528s] DEBUG:colcon.colcon_core.verb:Building package 'webots_pkg_sim' with the following arguments: {'ament_cmake_args': None, 'build_base': '/home/ibrahim/Webots_Turorials_MindCloud/webots_tutotrial_1/build/webots_pkg_sim', 'catkin_cmake_args': None, 'catkin_skip_building_tests': False, 'cmake_args': None, 'cmake_clean_cache': False, 'cmake_clean_first': False, 'cmake_force_configure': False, 'cmake_target': None, 'cmake_target_skip_unavailable': False, 'install_base': '/home/ibrahim/Webots_Turorials_MindCloud/webots_tutotrial_1/install/webots_pkg_sim', 'merge_install': False, 'path': '/home/ibrahim/Webots_Turorials_MindCloud/webots_tutotrial_1/src/webots_pkg_sim', 'symlink_install': False, 'test_result_base': None}
[0.528s] INFO:colcon.colcon_core.executor:Executing jobs using 'parallel' executor
[0.529s] DEBUG:colcon.colcon_parallel_executor.executor.parallel:run_until_complete
[0.530s] INFO:colcon.colcon_ros.task.ament_python.build:Building ROS package in '/home/ibrahim/Webots_Turorials_MindCloud/webots_tutotrial_1/src/webots_pkg_sim' with build type 'ament_python'
[0.530s] Level 1:colcon.colcon_core.shell:create_environment_hook('webots_pkg_sim', 'ament_prefix_path')
[0.536s] INFO:colcon.colcon_core.plugin_system:Skipping extension 'colcon_core.shell.bat': Not used on non-Windows systems
[0.536s] INFO:colcon.colcon_core.shell:Creating environment hook '/home/ibrahim/Webots_Turorials_MindCloud/webots_tutotrial_1/install/webots_pkg_sim/share/webots_pkg_sim/hook/ament_prefix_path.ps1'
[0.537s] INFO:colcon.colcon_core.shell:Creating environment descriptor '/home/ibrahim/Webots_Turorials_MindCloud/webots_tutotrial_1/install/webots_pkg_sim/share/webots_pkg_sim/hook/ament_prefix_path.dsv'
[0.539s] INFO:colcon.colcon_core.shell:Creating environment hook '/home/ibrahim/Webots_Turorials_MindCloud/webots_tutotrial_1/install/webots_pkg_sim/share/webots_pkg_sim/hook/ament_prefix_path.sh'
[0.541s] INFO:colcon.colcon_core.shell:Skip shell extension 'powershell' for command environment: Not usable outside of PowerShell
[0.541s] DEBUG:colcon.colcon_core.shell:Skip shell extension 'dsv' for command environment
[0.931s] INFO:colcon.colcon_core.task.python.build:Building Python package in '/home/ibrahim/Webots_Turorials_MindCloud/webots_tutotrial_1/src/webots_pkg_sim'
[0.931s] INFO:colcon.colcon_core.shell:Skip shell extension 'powershell' for command environment: Not usable outside of PowerShell
[0.931s] DEBUG:colcon.colcon_core.shell:Skip shell extension 'dsv' for command environment
[2.209s] DEBUG:colcon.colcon_core.event_handler.log_command:Invoking command in '/home/ibrahim/Webots_Turorials_MindCloud/webots_tutotrial_1/build/webots_pkg_sim': DEBUGINFOD_URLS=https://debuginfod.ubuntu.com PYTHONPATH=/home/ibrahim/Webots_Turorials_MindCloud/webots_tutotrial_1/build/webots_pkg_sim/prefix_override:/usr/lib/python3/dist-packages/colcon_core/task/python/colcon_distutils_commands:/home/ibrahim/Webots_Turorials_MindCloud/webots_tutotrial_1/install/webots_pkg_sim/lib/python3.12/site-packages:${PYTHONPATH} /usr/bin/python3 -W ignore:setup.py install is deprecated -W ignore:easy_install command is deprecated setup.py develop --uninstall --editable --build-directory /home/ibrahim/Webots_Turorials_MindCloud/webots_tutotrial_1/build/webots_pkg_sim/build
[2.819s] DEBUG:colcon.colcon_core.event_handler.log_command:Invoked command in '/home/ibrahim/Webots_Turorials_MindCloud/webots_tutotrial_1/build/webots_pkg_sim' returned '0': DEBUGINFOD_URLS=https://debuginfod.ubuntu.com PYTHONPATH=/home/ibrahim/Webots_Turorials_MindCloud/webots_tutotrial_1/build/webots_pkg_sim/prefix_override:/usr/lib/python3/dist-packages/colcon_core/task/python/colcon_distutils_commands:/home/ibrahim/Webots_Turorials_MindCloud/webots_tutotrial_1/install/webots_pkg_sim/lib/python3.12/site-packages:${PYTHONPATH} /usr/bin/python3 -W ignore:setup.py install is deprecated -W ignore:easy_install command is deprecated setup.py develop --uninstall --editable --build-directory /home/ibrahim/Webots_Turorials_MindCloud/webots_tutotrial_1/build/webots_pkg_sim/build
[2.820s] DEBUG:colcon.colcon_core.event_handler.log_command:Invoking command in '/home/ibrahim/Webots_Turorials_MindCloud/webots_tutotrial_1/src/webots_pkg_sim': DEBUGINFOD_URLS=https://debuginfod.ubuntu.com PYTHONPATH=/home/ibrahim/Webots_Turorials_MindCloud/webots_tutotrial_1/build/webots_pkg_sim/prefix_override:/usr/lib/python3/dist-packages/colcon_core/task/python/colcon_distutils_commands:/home/ibrahim/Webots_Turorials_MindCloud/webots_tutotrial_1/install/webots_pkg_sim/lib/python3.12/site-packages:${PYTHONPATH} /usr/bin/python3 -W ignore:setup.py install is deprecated -W ignore:easy_install command is deprecated setup.py egg_info --egg-base ../../build/webots_pkg_sim build --build-base /home/ibrahim/Webots_Turorials_MindCloud/webots_tutotrial_1/build/webots_pkg_sim/build install --record /home/ibrahim/Webots_Turorials_MindCloud/webots_tutotrial_1/build/webots_pkg_sim/install.log --single-version-externally-managed install_data --force
[3.426s] DEBUG:colcon.colcon_core.event_handler.log_command:Invoked command in '/home/ibrahim/Webots_Turorials_MindCloud/webots_tutotrial_1/src/webots_pkg_sim' returned '0': DEBUGINFOD_URLS=https://debuginfod.ubuntu.com PYTHONPATH=/home/ibrahim/Webots_Turorials_MindCloud/webots_tutotrial_1/build/webots_pkg_sim/prefix_override:/usr/lib/python3/dist-packages/colcon_core/task/python/colcon_distutils_commands:/home/ibrahim/Webots_Turorials_MindCloud/webots_tutotrial_1/install/webots_pkg_sim/lib/python3.12/site-packages:${PYTHONPATH} /usr/bin/python3 -W ignore:setup.py install is deprecated -W ignore:easy_install command is deprecated setup.py egg_info --egg-base ../../build/webots_pkg_sim build --build-base /home/ibrahim/Webots_Turorials_MindCloud/webots_tutotrial_1/build/webots_pkg_sim/build install --record /home/ibrahim/Webots_Turorials_MindCloud/webots_tutotrial_1/build/webots_pkg_sim/install.log --single-version-externally-managed install_data --force
[3.430s] Level 1:colcon.colcon_core.environment:checking '/home/ibrahim/Webots_Turorials_MindCloud/webots_tutotrial_1/install/webots_pkg_sim' for CMake module files
[3.431s] Level 1:colcon.colcon_core.environment:checking '/home/ibrahim/Webots_Turorials_MindCloud/webots_tutotrial_1/install/webots_pkg_sim' for CMake config files
[3.431s] Level 1:colcon.colcon_core.environment:checking '/home/ibrahim/Webots_Turorials_MindCloud/webots_tutotrial_1/install/webots_pkg_sim/lib'
[3.431s] Level 1:colcon.colcon_core.environment:checking '/home/ibrahim/Webots_Turorials_MindCloud/webots_tutotrial_1/install/webots_pkg_sim/bin'
[3.431s] Level 1:colcon.colcon_core.environment:checking '/home/ibrahim/Webots_Turorials_MindCloud/webots_tutotrial_1/install/webots_pkg_sim/lib/pkgconfig/webots_pkg_sim.pc'
[3.432s] Level 1:colcon.colcon_core.environment:checking '/home/ibrahim/Webots_Turorials_MindCloud/webots_tutotrial_1/install/webots_pkg_sim/lib/python3.12/site-packages'
[3.432s] Level 1:colcon.colcon_core.shell:create_environment_hook('webots_pkg_sim', 'pythonpath')
[3.432s] INFO:colcon.colcon_core.shell:Creating environment hook '/home/ibrahim/Webots_Turorials_MindCloud/webots_tutotrial_1/install/webots_pkg_sim/share/webots_pkg_sim/hook/pythonpath.ps1'
[3.432s] INFO:colcon.colcon_core.shell:Creating environment descriptor '/home/ibrahim/Webots_Turorials_MindCloud/webots_tutotrial_1/install/webots_pkg_sim/share/webots_pkg_sim/hook/pythonpath.dsv'
[3.432s] INFO:colcon.colcon_core.shell:Creating environment hook '/home/ibrahim/Webots_Turorials_MindCloud/webots_tutotrial_1/install/webots_pkg_sim/share/webots_pkg_sim/hook/pythonpath.sh'
[3.433s] Level 1:colcon.colcon_core.environment:checking '/home/ibrahim/Webots_Turorials_MindCloud/webots_tutotrial_1/install/webots_pkg_sim/bin'
[3.433s] Level 1:colcon.colcon_core.environment:create_environment_scripts_only(webots_pkg_sim)
[3.433s] INFO:colcon.colcon_core.shell:Creating package script '/home/ibrahim/Webots_Turorials_MindCloud/webots_tutotrial_1/install/webots_pkg_sim/share/webots_pkg_sim/package.ps1'
[3.434s] INFO:colcon.colcon_core.shell:Creating package descriptor '/home/ibrahim/Webots_Turorials_MindCloud/webots_tutotrial_1/install/webots_pkg_sim/share/webots_pkg_sim/package.dsv'
[3.435s] INFO:colcon.colcon_core.shell:Creating package script '/home/ibrahim/Webots_Turorials_MindCloud/webots_tutotrial_1/install/webots_pkg_sim/share/webots_pkg_sim/package.sh'
[3.436s] INFO:colcon.colcon_core.shell:Creating package script '/home/ibrahim/Webots_Turorials_MindCloud/webots_tutotrial_1/install/webots_pkg_sim/share/webots_pkg_sim/package.bash'
[3.437s] INFO:colcon.colcon_core.shell:Creating package script '/home/ibrahim/Webots_Turorials_MindCloud/webots_tutotrial_1/install/webots_pkg_sim/share/webots_pkg_sim/package.zsh'
[3.438s] Level 1:colcon.colcon_core.environment:create_file_with_runtime_dependencies(/home/ibrahim/Webots_Turorials_MindCloud/webots_tutotrial_1/install/webots_pkg_sim/share/colcon-core/packages/webots_pkg_sim)
[3.438s] DEBUG:colcon.colcon_parallel_executor.executor.parallel:closing loop
[3.439s] DEBUG:colcon.colcon_parallel_executor.executor.parallel:loop closed
[3.439s] DEBUG:colcon.colcon_parallel_executor.executor.parallel:run_until_complete finished with '0'
[3.439s] DEBUG:colcon.colcon_core.event_reactor:joining thread
[3.445s] INFO:colcon.colcon_core.plugin_system:Skipping extension 'colcon_notification.desktop_notification.terminal_notifier': Not used on non-Darwin systems
[3.445s] INFO:colcon.colcon_core.plugin_system:Skipping extension 'colcon_notification.desktop_notification.win32': Not used on non-Windows systems
[3.445s] INFO:colcon.colcon_notification.desktop_notification:Sending desktop notification using 'notify2'
[3.457s] DEBUG:colcon.colcon_core.event_reactor:joined thread
[3.458s] INFO:colcon.colcon_core.shell:Creating prefix script '/home/ibrahim/Webots_Turorials_MindCloud/webots_tutotrial_1/install/local_setup.ps1'
[3.459s] INFO:colcon.colcon_core.shell:Creating prefix util module '/home/ibrahim/Webots_Turorials_MindCloud/webots_tutotrial_1/install/_local_setup_util_ps1.py'
[3.460s] INFO:colcon.colcon_core.shell:Creating prefix chain script '/home/ibrahim/Webots_Turorials_MindCloud/webots_tutotrial_1/install/setup.ps1'
[3.461s] INFO:colcon.colcon_core.shell:Creating prefix script '/home/ibrahim/Webots_Turorials_MindCloud/webots_tutotrial_1/install/local_setup.sh'
[3.462s] INFO:colcon.colcon_core.shell:Creating prefix util module '/home/ibrahim/Webots_Turorials_MindCloud/webots_tutotrial_1/install/_local_setup_util_sh.py'
[3.462s] INFO:colcon.colcon_core.shell:Creating prefix chain script '/home/ibrahim/Webots_Turorials_MindCloud/webots_tutotrial_1/install/setup.sh'
[3.463s] INFO:colcon.colcon_core.shell:Creating prefix script '/home/ibrahim/Webots_Turorials_MindCloud/webots_tutotrial_1/install/local_setup.bash'
[3.464s] INFO:colcon.colcon_core.shell:Creating prefix chain script '/home/ibrahim/Webots_Turorials_MindCloud/webots_tutotrial_1/install/setup.bash'
[3.465s] INFO:colcon.colcon_core.shell:Creating prefix script '/home/ibrahim/Webots_Turorials_MindCloud/webots_tutotrial_1/install/local_setup.zsh'
[3.466s] INFO:colcon.colcon_core.shell:Creating prefix chain script '/home/ibrahim/Webots_Turorials_MindCloud/webots_tutotrial_1/install/setup.zsh'
