[1.679s] Invoking command in '/home/ibrahim/Webots_Turorials_MindCloud/webots_tutotrial_1/build/webots_pkg_sim': DEBUGINFOD_URLS=https://debuginfod.ubuntu.com PYTHONPATH=/home/ibrahim/Webots_Turorials_MindCloud/webots_tutotrial_1/build/webots_pkg_sim/prefix_override:/usr/lib/python3/dist-packages/colcon_core/task/python/colcon_distutils_commands:/home/ibrahim/Webots_Turorials_MindCloud/webots_tutotrial_1/install/webots_pkg_sim/lib/python3.12/site-packages:${PYTHONPATH} /usr/bin/python3 -W ignore:setup.py install is deprecated -W ignore:easy_install command is deprecated setup.py develop --uninstall --editable --build-directory /home/ibrahim/Webots_Turorials_MindCloud/webots_tutotrial_1/build/webots_pkg_sim/build
[2.067s] running develop
[2.267s] Removing /home/ibrahim/Webots_Turorials_MindCloud/webots_tutotrial_1/install/webots_pkg_sim/lib/python3.12/site-packages/webots-pkg-sim.egg-link (link to .)
[2.288s] Invoked command in '/home/ibrahim/Webots_Turorials_MindCloud/webots_tutotrial_1/build/webots_pkg_sim' returned '0': DEBUGINFOD_URLS=https://debuginfod.ubuntu.com PYTHONPATH=/home/ibrahim/Webots_Turorials_MindCloud/webots_tutotrial_1/build/webots_pkg_sim/prefix_override:/usr/lib/python3/dist-packages/colcon_core/task/python/colcon_distutils_commands:/home/ibrahim/Webots_Turorials_MindCloud/webots_tutotrial_1/install/webots_pkg_sim/lib/python3.12/site-packages:${PYTHONPATH} /usr/bin/python3 -W ignore:setup.py install is deprecated -W ignore:easy_install command is deprecated setup.py develop --uninstall --editable --build-directory /home/ibrahim/Webots_Turorials_MindCloud/webots_tutotrial_1/build/webots_pkg_sim/build
[2.289s] Invoking command in '/home/ibrahim/Webots_Turorials_MindCloud/webots_tutotrial_1/src/webots_pkg_sim': DEBUGINFOD_URLS=https://debuginfod.ubuntu.com PYTHONPATH=/home/ibrahim/Webots_Turorials_MindCloud/webots_tutotrial_1/build/webots_pkg_sim/prefix_override:/usr/lib/python3/dist-packages/colcon_core/task/python/colcon_distutils_commands:/home/ibrahim/Webots_Turorials_MindCloud/webots_tutotrial_1/install/webots_pkg_sim/lib/python3.12/site-packages:${PYTHONPATH} /usr/bin/python3 -W ignore:setup.py install is deprecated -W ignore:easy_install command is deprecated setup.py egg_info --egg-base ../../build/webots_pkg_sim build --build-base /home/ibrahim/Webots_Turorials_MindCloud/webots_tutotrial_1/build/webots_pkg_sim/build install --record /home/ibrahim/Webots_Turorials_MindCloud/webots_tutotrial_1/build/webots_pkg_sim/install.log --single-version-externally-managed install_data --force
[2.518s] running egg_info
[2.538s] writing ../../build/webots_pkg_sim/webots_pkg_sim.egg-info/PKG-INFO
[2.538s] writing dependency_links to ../../build/webots_pkg_sim/webots_pkg_sim.egg-info/dependency_links.txt
[2.539s] writing entry points to ../../build/webots_pkg_sim/webots_pkg_sim.egg-info/entry_points.txt
[2.539s] writing requirements to ../../build/webots_pkg_sim/webots_pkg_sim.egg-info/requires.txt
[2.539s] writing top-level names to ../../build/webots_pkg_sim/webots_pkg_sim.egg-info/top_level.txt
[2.578s] reading manifest file '../../build/webots_pkg_sim/webots_pkg_sim.egg-info/SOURCES.txt'
[2.579s] writing manifest file '../../build/webots_pkg_sim/webots_pkg_sim.egg-info/SOURCES.txt'
[2.579s] running build
[2.579s] running build_py
[2.580s] creating /home/ibrahim/Webots_Turorials_MindCloud/webots_tutotrial_1/build/webots_pkg_sim/build
[2.580s] creating /home/ibrahim/Webots_Turorials_MindCloud/webots_tutotrial_1/build/webots_pkg_sim/build/lib
[2.580s] creating /home/ibrahim/Webots_Turorials_MindCloud/webots_tutotrial_1/build/webots_pkg_sim/build/lib/webots_pkg_sim
[2.580s] copying webots_pkg_sim/webots_localization.py -> /home/ibrahim/Webots_Turorials_MindCloud/webots_tutotrial_1/build/webots_pkg_sim/build/lib/webots_pkg_sim
[2.580s] copying webots_pkg_sim/falak_driver.py -> /home/ibrahim/Webots_Turorials_MindCloud/webots_tutotrial_1/build/webots_pkg_sim/build/lib/webots_pkg_sim
[2.581s] copying webots_pkg_sim/webots_driver.py -> /home/ibrahim/Webots_Turorials_MindCloud/webots_tutotrial_1/build/webots_pkg_sim/build/lib/webots_pkg_sim
[2.581s] copying webots_pkg_sim/swerve_g.py -> /home/ibrahim/Webots_Turorials_MindCloud/webots_tutotrial_1/build/webots_pkg_sim/build/lib/webots_pkg_sim
[2.581s] copying webots_pkg_sim/costmap.py -> /home/ibrahim/Webots_Turorials_MindCloud/webots_tutotrial_1/build/webots_pkg_sim/build/lib/webots_pkg_sim
[2.581s] copying webots_pkg_sim/__init__.py -> /home/ibrahim/Webots_Turorials_MindCloud/webots_tutotrial_1/build/webots_pkg_sim/build/lib/webots_pkg_sim
[2.581s] copying webots_pkg_sim/swerve_driver.py -> /home/ibrahim/Webots_Turorials_MindCloud/webots_tutotrial_1/build/webots_pkg_sim/build/lib/webots_pkg_sim
[2.581s] copying webots_pkg_sim/vo_code.py -> /home/ibrahim/Webots_Turorials_MindCloud/webots_tutotrial_1/build/webots_pkg_sim/build/lib/webots_pkg_sim
[2.581s] copying webots_pkg_sim/driver_falak.py -> /home/ibrahim/Webots_Turorials_MindCloud/webots_tutotrial_1/build/webots_pkg_sim/build/lib/webots_pkg_sim
[2.581s] copying webots_pkg_sim/costmap_lifecyle.py -> /home/ibrahim/Webots_Turorials_MindCloud/webots_tutotrial_1/build/webots_pkg_sim/build/lib/webots_pkg_sim
[2.581s] running install
[2.585s] running install_lib
[2.605s] creating /home/ibrahim/Webots_Turorials_MindCloud/webots_tutotrial_1/install/webots_pkg_sim/lib/python3.12/site-packages/webots_pkg_sim
[2.605s] copying /home/ibrahim/Webots_Turorials_MindCloud/webots_tutotrial_1/build/webots_pkg_sim/build/lib/webots_pkg_sim/webots_localization.py -> /home/ibrahim/Webots_Turorials_MindCloud/webots_tutotrial_1/install/webots_pkg_sim/lib/python3.12/site-packages/webots_pkg_sim
[2.605s] copying /home/ibrahim/Webots_Turorials_MindCloud/webots_tutotrial_1/build/webots_pkg_sim/build/lib/webots_pkg_sim/falak_driver.py -> /home/ibrahim/Webots_Turorials_MindCloud/webots_tutotrial_1/install/webots_pkg_sim/lib/python3.12/site-packages/webots_pkg_sim
[2.605s] copying /home/ibrahim/Webots_Turorials_MindCloud/webots_tutotrial_1/build/webots_pkg_sim/build/lib/webots_pkg_sim/webots_driver.py -> /home/ibrahim/Webots_Turorials_MindCloud/webots_tutotrial_1/install/webots_pkg_sim/lib/python3.12/site-packages/webots_pkg_sim
[2.606s] copying /home/ibrahim/Webots_Turorials_MindCloud/webots_tutotrial_1/build/webots_pkg_sim/build/lib/webots_pkg_sim/swerve_g.py -> /home/ibrahim/Webots_Turorials_MindCloud/webots_tutotrial_1/install/webots_pkg_sim/lib/python3.12/site-packages/webots_pkg_sim
[2.606s] copying /home/ibrahim/Webots_Turorials_MindCloud/webots_tutotrial_1/build/webots_pkg_sim/build/lib/webots_pkg_sim/costmap.py -> /home/ibrahim/Webots_Turorials_MindCloud/webots_tutotrial_1/install/webots_pkg_sim/lib/python3.12/site-packages/webots_pkg_sim
[2.606s] copying /home/ibrahim/Webots_Turorials_MindCloud/webots_tutotrial_1/build/webots_pkg_sim/build/lib/webots_pkg_sim/__init__.py -> /home/ibrahim/Webots_Turorials_MindCloud/webots_tutotrial_1/install/webots_pkg_sim/lib/python3.12/site-packages/webots_pkg_sim
[2.606s] copying /home/ibrahim/Webots_Turorials_MindCloud/webots_tutotrial_1/build/webots_pkg_sim/build/lib/webots_pkg_sim/swerve_driver.py -> /home/ibrahim/Webots_Turorials_MindCloud/webots_tutotrial_1/install/webots_pkg_sim/lib/python3.12/site-packages/webots_pkg_sim
[2.606s] copying /home/ibrahim/Webots_Turorials_MindCloud/webots_tutotrial_1/build/webots_pkg_sim/build/lib/webots_pkg_sim/vo_code.py -> /home/ibrahim/Webots_Turorials_MindCloud/webots_tutotrial_1/install/webots_pkg_sim/lib/python3.12/site-packages/webots_pkg_sim
[2.606s] copying /home/ibrahim/Webots_Turorials_MindCloud/webots_tutotrial_1/build/webots_pkg_sim/build/lib/webots_pkg_sim/driver_falak.py -> /home/ibrahim/Webots_Turorials_MindCloud/webots_tutotrial_1/install/webots_pkg_sim/lib/python3.12/site-packages/webots_pkg_sim
[2.606s] copying /home/ibrahim/Webots_Turorials_MindCloud/webots_tutotrial_1/build/webots_pkg_sim/build/lib/webots_pkg_sim/costmap_lifecyle.py -> /home/ibrahim/Webots_Turorials_MindCloud/webots_tutotrial_1/install/webots_pkg_sim/lib/python3.12/site-packages/webots_pkg_sim
[2.606s] byte-compiling /home/ibrahim/Webots_Turorials_MindCloud/webots_tutotrial_1/install/webots_pkg_sim/lib/python3.12/site-packages/webots_pkg_sim/webots_localization.py to webots_localization.cpython-312.pyc
[2.608s] byte-compiling /home/ibrahim/Webots_Turorials_MindCloud/webots_tutotrial_1/install/webots_pkg_sim/lib/python3.12/site-packages/webots_pkg_sim/falak_driver.py to falak_driver.cpython-312.pyc
[2.610s] byte-compiling /home/ibrahim/Webots_Turorials_MindCloud/webots_tutotrial_1/install/webots_pkg_sim/lib/python3.12/site-packages/webots_pkg_sim/webots_driver.py to webots_driver.cpython-312.pyc
[2.610s] byte-compiling /home/ibrahim/Webots_Turorials_MindCloud/webots_tutotrial_1/install/webots_pkg_sim/lib/python3.12/site-packages/webots_pkg_sim/swerve_g.py to swerve_g.cpython-312.pyc
[2.611s] byte-compiling /home/ibrahim/Webots_Turorials_MindCloud/webots_tutotrial_1/install/webots_pkg_sim/lib/python3.12/site-packages/webots_pkg_sim/costmap.py to costmap.cpython-312.pyc
[2.612s] byte-compiling /home/ibrahim/Webots_Turorials_MindCloud/webots_tutotrial_1/install/webots_pkg_sim/lib/python3.12/site-packages/webots_pkg_sim/__init__.py to __init__.cpython-312.pyc
[2.612s] byte-compiling /home/ibrahim/Webots_Turorials_MindCloud/webots_tutotrial_1/install/webots_pkg_sim/lib/python3.12/site-packages/webots_pkg_sim/swerve_driver.py to swerve_driver.cpython-312.pyc
[2.614s] byte-compiling /home/ibrahim/Webots_Turorials_MindCloud/webots_tutotrial_1/install/webots_pkg_sim/lib/python3.12/site-packages/webots_pkg_sim/vo_code.py to vo_code.cpython-312.pyc
[2.615s] byte-compiling /home/ibrahim/Webots_Turorials_MindCloud/webots_tutotrial_1/install/webots_pkg_sim/lib/python3.12/site-packages/webots_pkg_sim/driver_falak.py to driver_falak.cpython-312.pyc
[2.616s] byte-compiling /home/ibrahim/Webots_Turorials_MindCloud/webots_tutotrial_1/install/webots_pkg_sim/lib/python3.12/site-packages/webots_pkg_sim/costmap_lifecyle.py to costmap_lifecyle.cpython-312.pyc
[2.617s] running install_data
[2.617s] copying resource/webots_pkg_sim -> /home/ibrahim/Webots_Turorials_MindCloud/webots_tutotrial_1/install/webots_pkg_sim/share/ament_index/resource_index/packages
[2.617s] copying package.xml -> /home/ibrahim/Webots_Turorials_MindCloud/webots_tutotrial_1/install/webots_pkg_sim/share/webots_pkg_sim
[2.617s] copying launch/swerve_launch.py -> /home/ibrahim/Webots_Turorials_MindCloud/webots_tutotrial_1/install/webots_pkg_sim/share/webots_pkg_sim/launch
[2.617s] copying launch/falak.launch.py -> /home/ibrahim/Webots_Turorials_MindCloud/webots_tutotrial_1/install/webots_pkg_sim/share/webots_pkg_sim/launch
[2.617s] copying launch/sim_rover_launch.py -> /home/ibrahim/Webots_Turorials_MindCloud/webots_tutotrial_1/install/webots_pkg_sim/share/webots_pkg_sim/launch
[2.618s] copying launch/sim_launch.py -> /home/ibrahim/Webots_Turorials_MindCloud/webots_tutotrial_1/install/webots_pkg_sim/share/webots_pkg_sim/launch
[2.618s] copying launch/gazebo_launch.py -> /home/ibrahim/Webots_Turorials_MindCloud/webots_tutotrial_1/install/webots_pkg_sim/share/webots_pkg_sim/launch
[2.618s] copying urdf/swerve.urdf -> /home/ibrahim/Webots_Turorials_MindCloud/webots_tutotrial_1/install/webots_pkg_sim/share/webots_pkg_sim/urdf
[2.619s] copying urdf/robot.urdf -> /home/ibrahim/Webots_Turorials_MindCloud/webots_tutotrial_1/install/webots_pkg_sim/share/webots_pkg_sim/urdf
[2.619s] copying urdf/new_rover.urdf -> /home/ibrahim/Webots_Turorials_MindCloud/webots_tutotrial_1/install/webots_pkg_sim/share/webots_pkg_sim/urdf
[2.620s] copying urdf/gazebo_file.urdf -> /home/ibrahim/Webots_Turorials_MindCloud/webots_tutotrial_1/install/webots_pkg_sim/share/webots_pkg_sim/urdf
[2.620s] copying urdf/falak.urdf -> /home/ibrahim/Webots_Turorials_MindCloud/webots_tutotrial_1/install/webots_pkg_sim/share/webots_pkg_sim/urdf
[2.620s] copying worlds/rover_world.wbt -> /home/ibrahim/Webots_Turorials_MindCloud/webots_tutotrial_1/install/webots_pkg_sim/share/webots_pkg_sim/worlds
[2.621s] copying worlds/empty.wbt -> /home/ibrahim/Webots_Turorials_MindCloud/webots_tutotrial_1/install/webots_pkg_sim/share/webots_pkg_sim/worlds
[2.621s] copying worlds/world_falak.wbt -> /home/ibrahim/Webots_Turorials_MindCloud/webots_tutotrial_1/install/webots_pkg_sim/share/webots_pkg_sim/worlds
[2.621s] copying worlds/my_world.wbt -> /home/ibrahim/Webots_Turorials_MindCloud/webots_tutotrial_1/install/webots_pkg_sim/share/webots_pkg_sim/worlds
[2.622s] copying worlds/falak.wbt -> /home/ibrahim/Webots_Turorials_MindCloud/webots_tutotrial_1/install/webots_pkg_sim/share/webots_pkg_sim/worlds
[2.622s] copying config/controllers.yaml -> /home/ibrahim/Webots_Turorials_MindCloud/webots_tutotrial_1/install/webots_pkg_sim/share/webots_pkg_sim/config
[2.622s] copying meshes/steering1_Link.STL -> /home/ibrahim/Webots_Turorials_MindCloud/webots_tutotrial_1/install/webots_pkg_sim/share/webots_pkg_sim/meshes
[2.627s] copying meshes/wheel2_Link.STL -> /home/ibrahim/Webots_Turorials_MindCloud/webots_tutotrial_1/install/webots_pkg_sim/share/webots_pkg_sim/meshes
[2.632s] copying meshes/steering4_Link.STL -> /home/ibrahim/Webots_Turorials_MindCloud/webots_tutotrial_1/install/webots_pkg_sim/share/webots_pkg_sim/meshes
[2.637s] copying meshes/base_link.STL -> /home/ibrahim/Webots_Turorials_MindCloud/webots_tutotrial_1/install/webots_pkg_sim/share/webots_pkg_sim/meshes
[2.652s] copying meshes/steering3_Link.STL -> /home/ibrahim/Webots_Turorials_MindCloud/webots_tutotrial_1/install/webots_pkg_sim/share/webots_pkg_sim/meshes
[2.658s] copying meshes/wheel4_Link.STL -> /home/ibrahim/Webots_Turorials_MindCloud/webots_tutotrial_1/install/webots_pkg_sim/share/webots_pkg_sim/meshes
[2.664s] copying meshes/wheel3_Link.STL -> /home/ibrahim/Webots_Turorials_MindCloud/webots_tutotrial_1/install/webots_pkg_sim/share/webots_pkg_sim/meshes
[2.668s] copying meshes/steering2_Link.STL -> /home/ibrahim/Webots_Turorials_MindCloud/webots_tutotrial_1/install/webots_pkg_sim/share/webots_pkg_sim/meshes
[2.673s] copying meshes/wheel1_Link.STL -> /home/ibrahim/Webots_Turorials_MindCloud/webots_tutotrial_1/install/webots_pkg_sim/share/webots_pkg_sim/meshes
[2.678s] copying meshes_1/wheel6_link.STL -> /home/ibrahim/Webots_Turorials_MindCloud/webots_tutotrial_1/install/webots_pkg_sim/share/webots_pkg_sim/meshes_1
[2.681s] copying meshes_1/wheel2_link.STL -> /home/ibrahim/Webots_Turorials_MindCloud/webots_tutotrial_1/install/webots_pkg_sim/share/webots_pkg_sim/meshes_1
[2.684s] copying meshes_1/base_link.STL -> /home/ibrahim/Webots_Turorials_MindCloud/webots_tutotrial_1/install/webots_pkg_sim/share/webots_pkg_sim/meshes_1
[2.712s] copying meshes_1/wheel5_link.STL -> /home/ibrahim/Webots_Turorials_MindCloud/webots_tutotrial_1/install/webots_pkg_sim/share/webots_pkg_sim/meshes_1
[2.716s] copying meshes_1/wheel1_link.STL -> /home/ibrahim/Webots_Turorials_MindCloud/webots_tutotrial_1/install/webots_pkg_sim/share/webots_pkg_sim/meshes_1
[2.718s] copying meshes_1/wheel4_link.STL -> /home/ibrahim/Webots_Turorials_MindCloud/webots_tutotrial_1/install/webots_pkg_sim/share/webots_pkg_sim/meshes_1
[2.720s] copying meshes_1/wheel3_link.STL -> /home/ibrahim/Webots_Turorials_MindCloud/webots_tutotrial_1/install/webots_pkg_sim/share/webots_pkg_sim/meshes_1
[2.723s] running install_egg_info
[2.744s] Copying ../../build/webots_pkg_sim/webots_pkg_sim.egg-info to /home/ibrahim/Webots_Turorials_MindCloud/webots_tutotrial_1/install/webots_pkg_sim/lib/python3.12/site-packages/webots_pkg_sim-0.0.0-py3.12.egg-info
[2.745s] running install_scripts
[2.871s] Installing costmap script to /home/ibrahim/Webots_Turorials_MindCloud/webots_tutotrial_1/install/webots_pkg_sim/lib/webots_pkg_sim
[2.871s] Installing costmap_lifecycle script to /home/ibrahim/Webots_Turorials_MindCloud/webots_tutotrial_1/install/webots_pkg_sim/lib/webots_pkg_sim
[2.872s] Installing falak_driver script to /home/ibrahim/Webots_Turorials_MindCloud/webots_tutotrial_1/install/webots_pkg_sim/lib/webots_pkg_sim
[2.872s] Installing rover_driver script to /home/ibrahim/Webots_Turorials_MindCloud/webots_tutotrial_1/install/webots_pkg_sim/lib/webots_pkg_sim
[2.872s] Installing swerve_g script to /home/ibrahim/Webots_Turorials_MindCloud/webots_tutotrial_1/install/webots_pkg_sim/lib/webots_pkg_sim
[2.872s] Installing vo_odom script to /home/ibrahim/Webots_Turorials_MindCloud/webots_tutotrial_1/install/webots_pkg_sim/lib/webots_pkg_sim
[2.872s] Installing webots_driver script to /home/ibrahim/Webots_Turorials_MindCloud/webots_tutotrial_1/install/webots_pkg_sim/lib/webots_pkg_sim
[2.872s] writing list of installed files to '/home/ibrahim/Webots_Turorials_MindCloud/webots_tutotrial_1/build/webots_pkg_sim/install.log'
[2.896s] Invoked command in '/home/ibrahim/Webots_Turorials_MindCloud/webots_tutotrial_1/src/webots_pkg_sim' returned '0': DEBUGINFOD_URLS=https://debuginfod.ubuntu.com PYTHONPATH=/home/ibrahim/Webots_Turorials_MindCloud/webots_tutotrial_1/build/webots_pkg_sim/prefix_override:/usr/lib/python3/dist-packages/colcon_core/task/python/colcon_distutils_commands:/home/ibrahim/Webots_Turorials_MindCloud/webots_tutotrial_1/install/webots_pkg_sim/lib/python3.12/site-packages:${PYTHONPATH} /usr/bin/python3 -W ignore:setup.py install is deprecated -W ignore:easy_install command is deprecated setup.py egg_info --egg-base ../../build/webots_pkg_sim build --build-base /home/ibrahim/Webots_Turorials_MindCloud/webots_tutotrial_1/build/webots_pkg_sim/build install --record /home/ibrahim/Webots_Turorials_MindCloud/webots_tutotrial_1/build/webots_pkg_sim/install.log --single-version-externally-managed install_data --force
