running develop
running egg_info
writing webots_pkg_sim.egg-info/PKG-INFO
writing dependency_links to webots_pkg_sim.egg-info/dependency_links.txt
writing entry points to webots_pkg_sim.egg-info/entry_points.txt
writing requirements to webots_pkg_sim.egg-info/requires.txt
writing top-level names to webots_pkg_sim.egg-info/top_level.txt
reading manifest file 'webots_pkg_sim.egg-info/SOURCES.txt'
writing manifest file 'webots_pkg_sim.egg-info/SOURCES.txt'
running build_ext
Creating /home/ibrahim/Webots_Turorials_MindCloud/webots_tutotrial_1/install/webots_pkg_sim/lib/python3.12/site-packages/webots-pkg-sim.egg-link (link to .)
Installing costmap script to /home/ibrahim/Webots_Turorials_MindCloud/webots_tutotrial_1/install/webots_pkg_sim/lib/webots_pkg_sim
Installing costmap_lifecycle script to /home/ibrahim/Webots_Turorials_MindCloud/webots_tutotrial_1/install/webots_pkg_sim/lib/webots_pkg_sim
Installing falak_driver script to /home/ibrahim/Webots_Turorials_MindCloud/webots_tutotrial_1/install/webots_pkg_sim/lib/webots_pkg_sim
Installing rover_driver script to /home/ibrahim/Webots_Turorials_MindCloud/webots_tutotrial_1/install/webots_pkg_sim/lib/webots_pkg_sim
Installing swerve_g script to /home/ibrahim/Webots_Turorials_MindCloud/webots_tutotrial_1/install/webots_pkg_sim/lib/webots_pkg_sim
Installing vo_odom script to /home/ibrahim/Webots_Turorials_MindCloud/webots_tutotrial_1/install/webots_pkg_sim/lib/webots_pkg_sim
Installing webots_driver script to /home/ibrahim/Webots_Turorials_MindCloud/webots_tutotrial_1/install/webots_pkg_sim/lib/webots_pkg_sim

Installed /home/ibrahim/Webots_Turorials_MindCloud/webots_tutotrial_1/build/webots_pkg_sim
running symlink_data
